openjdk version "25.0.3" 2026-04-21 LTS
OpenJDK Runtime Environment Temurin-25.0.3+9 (build 25.0.3+9-LTS)
OpenJDK 64-Bit Server VM Temurin-25.0.3+9 (build 25.0.3+9-LTS, mixed mode, sharing)
WARNING: A restricted method in java.lang.System has been called
WARNING: java.lang.System::load has been called by net.rubygrapefruit.platform.internal.NativeLibraryLoader in an unnamed module (file:/home/taffeite/.gradle/wrapper/dists/gradle-9.6.1-bin/4ticwg1pgcbps2hj28r8so764/gradle-9.6.1/lib/native-platform-0.22-milestone-29.jar)
WARNING: Use --enable-native-access=ALL-UNNAMED to avoid a warning for callers in this module
WARNING: Restricted methods will be blocked in a future release unless native access is enabled

> Task :kmpPartiallyResolvedDependenciesChecker
> Task :checkKotlinGradlePluginConfigurationErrors SKIPPED

> Task :compileKotlinJs FAILED
e: file:///home/taffeite/workspaces/gothicfire/src/commonMain/kotlin/rpc/AppService.kt:3:22 Unresolved reference 'RpcService'.
e: file:///home/taffeite/workspaces/gothicfire/src/commonMain/kotlin/rpc/AppService.kt:8:2 Unresolved reference 'RpcService'.
e: file:///home/taffeite/workspaces/gothicfire/src/jsMain/kotlin/App.kt:24:13 Unresolved reference 'style'.

FAILURE: Build failed with an exception.

* What went wrong:
Execution failed for task ':compileKotlinJs' (registered in build file 'build.gradle.kts').
> A failure occurred while executing org.jetbrains.kotlin.compilerRunner.GradleCompilerRunnerWithWorkers$GradleKotlinCompilerWorkAction
   > Compilation error. See log for more details

* Try:
> Run with --stacktrace option to get the stack trace.
> Run with --info or --debug option to get more log output.
> Run with --scan to get full insights from a Build Scan (powered by Develocity).
> Get more help at https://help.gradle.org.

BUILD FAILED in 983ms
2 actionable tasks: 2 executed
