openjdk version "25.0.3" 2026-04-21 LTS
OpenJDK Runtime Environment Temurin-25.0.3+9 (build 25.0.3+9-LTS)
OpenJDK 64-Bit Server VM Temurin-25.0.3+9 (build 25.0.3+9-LTS, mixed mode, sharing)
WARNING: A restricted method in java.lang.System has been called
WARNING: java.lang.System::load has been called by net.rubygrapefruit.platform.internal.NativeLibraryLoader in an unnamed module (file:/home/taffeite/.gradle/wrapper/dists/gradle-9.6.1-bin/4ticwg1pgcbps2hj28r8so764/gradle-9.6.1/lib/native-platform-0.22-milestone-29.jar)
WARNING: Use --enable-native-access=ALL-UNNAMED to avoid a warning for callers in this module
WARNING: Restricted methods will be blocked in a future release unless native access is enabled

> Task :kmpPartiallyResolvedDependenciesChecker
> Task :checkKotlinGradlePluginConfigurationErrors SKIPPED

> Task :compileKotlinJs FAILED
e: file:///home/taffeite/workspaces/gothicfire/src/commonMain/kotlin/rpc/AppService.kt:3:22 Unresolved reference 'annotations'.
e: file:///home/taffeite/workspaces/gothicfire/src/commonMain/kotlin/rpc/AppService.kt:8:2 Unresolved reference 'RpcService'.
e: file:///home/taffeite/workspaces/gothicfire/src/jsMain/kotlin/App.kt:4:22 Unresolved reference 'getRpcService'.
e: file:///home/taffeite/workspaces/gothicfire/src/jsMain/kotlin/App.kt:13:30 Unresolved reference 'getRpcService'.
e: file:///home/taffeite/workspaces/gothicfire/src/jsMain/kotlin/App.kt:17:46 Unresolved reference 'state'.
e: file:///home/taffeite/workspaces/gothicfire/src/jsMain/kotlin/App.kt:18:26 Unresolved reference 'state'.
e: file:///home/taffeite/workspaces/gothicfire/src/jsMain/kotlin/App.kt:19:32 Unresolved reference 'state'.
e: file:///home/taffeite/workspaces/gothicfire/src/jsMain/kotlin/App.kt:20:31 Unresolved reference 'state'.
e: file:///home/taffeite/workspaces/gothicfire/src/jsMain/kotlin/App.kt:23:13 'fun launch(context: CoroutineContext = ..., start: CoroutineStart = ..., block: suspend CoroutineScope.() -> Unit): Job' is deprecated. 'launch' can not be called without the corresponding coroutine scope. Consider wrapping 'launch' in 'coroutineScope { }', using 'runBlocking { }', or using some other 'CoroutineScope'.
e: file:///home/taffeite/workspaces/gothicfire/src/jsMain/kotlin/App.kt:37:21 'val' cannot be reassigned.
e: file:///home/taffeite/workspaces/gothicfire/src/jsMain/kotlin/App.kt:38:21 'val' cannot be reassigned.
e: file:///home/taffeite/workspaces/gothicfire/src/jsMain/kotlin/App.kt:39:21 Unresolved reference 'gap'.
e: file:///home/taffeite/workspaces/gothicfire/src/jsMain/kotlin/App.kt:44:29 'val' cannot be reassigned.
e: file:///home/taffeite/workspaces/gothicfire/src/jsMain/kotlin/App.kt:44:76 Unresolved reference 'None'.
e: file:///home/taffeite/workspaces/gothicfire/src/jsMain/kotlin/App.kt:49:29 'val' cannot be reassigned.
e: file:///home/taffeite/workspaces/gothicfire/src/jsMain/kotlin/App.kt:49:76 Unresolved reference 'None'.
e: file:///home/taffeite/workspaces/gothicfire/src/jsMain/kotlin/App.kt:60:25 'val' cannot be reassigned.
e: file:///home/taffeite/workspaces/gothicfire/src/jsMain/kotlin/App.kt:61:25 'val' cannot be reassigned.
e: file:///home/taffeite/workspaces/gothicfire/src/jsMain/kotlin/App.kt:64:29 'val' cannot be reassigned.
e: file:///home/taffeite/workspaces/gothicfire/src/jsMain/kotlin/App.kt:64:58 Unresolved reference 'name'.
e: file:///home/taffeite/workspaces/gothicfire/src/jsMain/kotlin/App.kt:64:78 Unresolved reference 'CssColor'.
e: file:///home/taffeite/workspaces/gothicfire/src/jsMain/kotlin/App.kt:71:25 'val' cannot be reassigned.
e: file:///home/taffeite/workspaces/gothicfire/src/jsMain/kotlin/App.kt:72:25 Unresolved reference 'gap'.
e: file:///home/taffeite/workspaces/gothicfire/src/jsMain/kotlin/App.kt:73:25 'val' cannot be reassigned.
e: file:///home/taffeite/workspaces/gothicfire/src/jsMain/kotlin/App.kt:87:33 'val' cannot be reassigned.
e: file:///home/taffeite/workspaces/gothicfire/src/jsMain/kotlin/App.kt:89:46 Unresolved reference 'state'.
e: file:///home/taffeite/workspaces/gothicfire/src/jsMain/kotlin/App.kt:90:48 Unresolved reference 'state'.
e: file:///home/taffeite/workspaces/gothicfire/src/jsMain/kotlin/App.kt:93:37 'val' cannot be reassigned.
e: file:///home/taffeite/workspaces/gothicfire/src/jsMain/kotlin/App.kt:94:37 'val' cannot be reassigned.
e: file:///home/taffeite/workspaces/gothicfire/src/jsMain/kotlin/App.kt:95:37 Unresolved reference 'gap'.
e: file:///home/taffeite/workspaces/gothicfire/src/jsMain/kotlin/App.kt:97:37 Unresolved reference 'input'.
e: file:///home/taffeite/workspaces/gothicfire/src/jsMain/kotlin/App.kt:98:41 Unresolved reference 'placeholder'.
e: file:///home/taffeite/workspaces/gothicfire/src/jsMain/kotlin/App.kt:99:41 Unresolved reference 'value'.
e: file:///home/taffeite/workspaces/gothicfire/src/jsMain/kotlin/App.kt:100:41 @Composable invocations can only happen from the context of a @Composable function
e: file:///home/taffeite/workspaces/gothicfire/src/jsMain/kotlin/App.kt:100:62 Unresolved reference 'value'.
e: file:///home/taffeite/workspaces/gothicfire/src/jsMain/kotlin/App.kt:102:37 Unresolved reference 'textarea'.
e: file:///home/taffeite/workspaces/gothicfire/src/jsMain/kotlin/App.kt:103:41 Unresolved reference 'placeholder'.
e: file:///home/taffeite/workspaces/gothicfire/src/jsMain/kotlin/App.kt:104:41 Unresolved reference 'value'.
e: file:///home/taffeite/workspaces/gothicfire/src/jsMain/kotlin/App.kt:105:41 @Composable invocations can only happen from the context of a @Composable function
e: file:///home/taffeite/workspaces/gothicfire/src/jsMain/kotlin/App.kt:105:64 Unresolved reference 'value'.
e: file:///home/taffeite/workspaces/gothicfire/src/jsMain/kotlin/App.kt:106:41 Unresolved reference 'rows'.
e: file:///home/taffeite/workspaces/gothicfire/src/jsMain/kotlin/App.kt:109:41 'val' cannot be reassigned.
e: file:///home/taffeite/workspaces/gothicfire/src/jsMain/kotlin/App.kt:109:68 Unresolved reference 'AlignSelf'.
e: file:///home/taffeite/workspaces/gothicfire/src/jsMain/kotlin/App.kt:112:49 'fun launch(context: CoroutineContext = ..., start: CoroutineStart = ..., block: suspend CoroutineScope.() -> Unit): Job' is deprecated. 'launch' can not be called without the corresponding coroutine scope. Consider wrapping 'launch' in 'coroutineScope { }', using 'runBlocking { }', or using some other 'CoroutineScope'.
e: file:///home/taffeite/workspaces/gothicfire/src/jsMain/kotlin/App.kt:114:61 Cannot infer type for type parameter 'T'. Specify it explicitly.
e: file:///home/taffeite/workspaces/gothicfire/src/jsMain/kotlin/App.kt:128:46 'val' cannot be reassigned.
e: file:///home/taffeite/workspaces/gothicfire/src/jsMain/kotlin/App.kt:128:61 None of the following candidates is applicable:

fun ModifierBase.unaryPlus(): Unit:
  Unresolved reference. None of the following candidates is applicable because of a receiver type mismatch:
fun ModifierBase.unaryPlus(): Unit

fun String.unaryPlus(): Unit:
  Unresolved reference. None of the following candidates is applicable because of a receiver type mismatch:
fun String.unaryPlus(): Unit
e: file:///home/taffeite/workspaces/gothicfire/src/jsMain/kotlin/App.kt:128:67 Unresolved reference. None of the following candidates is applicable because of a receiver type mismatch:
fun IComponent.title(className: String? = ..., id: String? = ..., content: ComposableFunction1<ITitle, Unit> = ...): Unit
e: file:///home/taffeite/workspaces/gothicfire/src/jsMain/kotlin/App.kt:130:45 'val' cannot be reassigned.
e: file:///home/taffeite/workspaces/gothicfire/src/jsMain/kotlin/App.kt:131:45 'val' cannot be reassigned.
e: file:///home/taffeite/workspaces/gothicfire/src/jsMain/kotlin/App.kt:131:74 Unresolved reference 'name'.
e: file:///home/taffeite/workspaces/gothicfire/src/jsMain/kotlin/App.kt:131:94 Unresolved reference 'CssColor'.
e: file:///home/taffeite/workspaces/gothicfire/src/jsMain/kotlin/App.kt:132:51 Unresolved reference 'content'.
e: file:///home/taffeite/workspaces/gothicfire/src/jsMain/kotlin/App.kt:135:45 'val' cannot be reassigned.
e: file:///home/taffeite/workspaces/gothicfire/src/jsMain/kotlin/App.kt:135:56 Assignment type mismatch: actual type is 'String', but 'Background?' was expected.
e: file:///home/taffeite/workspaces/gothicfire/src/jsMain/kotlin/App.kt:136:45 'val' cannot be reassigned.
e: file:///home/taffeite/workspaces/gothicfire/src/jsMain/kotlin/App.kt:136:51 Assignment type mismatch: actual type is 'String', but 'Color?' was expected.
e: file:///home/taffeite/workspaces/gothicfire/src/jsMain/kotlin/App.kt:137:45 'val' cannot be reassigned.
e: file:///home/taffeite/workspaces/gothicfire/src/jsMain/kotlin/App.kt:138:45 'val' cannot be reassigned.
e: file:///home/taffeite/workspaces/gothicfire/src/jsMain/kotlin/App.kt:138:53 Assignment type mismatch: actual type is 'String', but 'CssSize?' was expected.
e: file:///home/taffeite/workspaces/gothicfire/src/jsMain/kotlin/App.kt:139:45 'val' cannot be reassigned.
e: file:///home/taffeite/workspaces/gothicfire/src/jsMain/kotlin/App.kt:141:49 'fun launch(context: CoroutineContext = ..., start: CoroutineStart = ..., block: suspend CoroutineScope.() -> Unit): Job' is deprecated. 'launch' can not be called without the corresponding coroutine scope. Consider wrapping 'launch' in 'coroutineScope { }', using 'runBlocking { }', or using some other 'CoroutineScope'.
e: file:///home/taffeite/workspaces/gothicfire/src/jsMain/kotlin/App.kt:142:84 Unresolved reference 'id'.
e: file:///home/taffeite/workspaces/gothicfire/src/jsMain/kotlin/App.kt:143:83 Unresolved reference 'id'.
e: file:///home/taffeite/workspaces/gothicfire/src/jsMain/kotlin/App.kt:143:94 Unresolved reference 'id'.
e: file:///home/taffeite/workspaces/gothicfire/src/jsMain/kotlin/App.kt:156:33 'val' cannot be reassigned.
e: file:///home/taffeite/workspaces/gothicfire/src/jsMain/kotlin/App.kt:158:48 Unresolved reference 'state'.
e: file:///home/taffeite/workspaces/gothicfire/src/jsMain/kotlin/App.kt:161:37 'val' cannot be reassigned.
e: file:///home/taffeite/workspaces/gothicfire/src/jsMain/kotlin/App.kt:162:37 'val' cannot be reassigned.
e: file:///home/taffeite/workspaces/gothicfire/src/jsMain/kotlin/App.kt:163:37 Unresolved reference 'gap'.
e: file:///home/taffeite/workspaces/gothicfire/src/jsMain/kotlin/App.kt:165:37 Unresolved reference 'textarea'.
e: file:///home/taffeite/workspaces/gothicfire/src/jsMain/kotlin/App.kt:166:41 Unresolved reference 'placeholder'.
e: file:///home/taffeite/workspaces/gothicfire/src/jsMain/kotlin/App.kt:167:41 Unresolved reference 'value'.
e: file:///home/taffeite/workspaces/gothicfire/src/jsMain/kotlin/App.kt:168:41 @Composable invocations can only happen from the context of a @Composable function
e: file:///home/taffeite/workspaces/gothicfire/src/jsMain/kotlin/App.kt:168:64 Unresolved reference 'value'.
e: file:///home/taffeite/workspaces/gothicfire/src/jsMain/kotlin/App.kt:169:41 Unresolved reference 'rows'.
e: file:///home/taffeite/workspaces/gothicfire/src/jsMain/kotlin/App.kt:172:41 'val' cannot be reassigned.
e: file:///home/taffeite/workspaces/gothicfire/src/jsMain/kotlin/App.kt:172:68 Unresolved reference 'AlignSelf'.
e: file:///home/taffeite/workspaces/gothicfire/src/jsMain/kotlin/App.kt:175:49 'fun launch(context: CoroutineContext = ..., start: CoroutineStart = ..., block: suspend CoroutineScope.() -> Unit): Job' is deprecated. 'launch' can not be called without the corresponding coroutine scope. Consider wrapping 'launch' in 'coroutineScope { }', using 'runBlocking { }', or using some other 'CoroutineScope'.
e: file:///home/taffeite/workspaces/gothicfire/src/jsMain/kotlin/App.kt:177:67 Cannot infer type for type parameter 'T'. Specify it explicitly.
e: file:///home/taffeite/workspaces/gothicfire/src/jsMain/kotlin/App.kt:188:33 'val' cannot be reassigned.
e: file:///home/taffeite/workspaces/gothicfire/src/jsMain/kotlin/App.kt:189:33 'val' cannot be reassigned.
e: file:///home/taffeite/workspaces/gothicfire/src/jsMain/kotlin/App.kt:190:33 Unresolved reference 'gap'.
e: file:///home/taffeite/workspaces/gothicfire/src/jsMain/kotlin/App.kt:195:45 'val' cannot be reassigned.
e: file:///home/taffeite/workspaces/gothicfire/src/jsMain/kotlin/App.kt:196:45 'val' cannot be reassigned.
e: file:///home/taffeite/workspaces/gothicfire/src/jsMain/kotlin/App.kt:198:49 'val' cannot be reassigned.
e: file:///home/taffeite/workspaces/gothicfire/src/jsMain/kotlin/App.kt:198:60 Assignment type mismatch: actual type is 'Int', but 'FontWeight?' was expected.
e: file:///home/taffeite/workspaces/gothicfire/src/jsMain/kotlin/App.kt:199:49 'val' cannot be reassigned.
e: file:///home/taffeite/workspaces/gothicfire/src/jsMain/kotlin/App.kt:199:55 Assignment type mismatch: actual type is 'Unit', but 'Color?' was expected.
e: file:///home/taffeite/workspaces/gothicfire/src/jsMain/kotlin/App.kt:199:57 Initializer required for destructuring declaration.
e: file:///home/taffeite/workspaces/gothicfire/src/jsMain/kotlin/App.kt:199:61 Syntax error: Expecting a name.
e: file:///home/taffeite/workspaces/gothicfire/src/jsMain/kotlin/App.kt:199:62 Syntax error: Expecting ')'.
e: file:///home/taffeite/workspaces/gothicfire/src/jsMain/kotlin/App.kt:199:71 Syntax error: Unexpected tokens (use ';' to separate expressions on the same line).
e: file:///home/taffeite/workspaces/gothicfire/src/jsMain/kotlin/App.kt:200:55 Unresolved reference 'authorName'.
e: file:///home/taffeite/workspaces/gothicfire/src/jsMain/kotlin/App.kt:203:49 'val' cannot be reassigned.
e: file:///home/taffeite/workspaces/gothicfire/src/jsMain/kotlin/App.kt:204:49 'val' cannot be reassigned.
e: file:///home/taffeite/workspaces/gothicfire/src/jsMain/kotlin/App.kt:204:78 Unresolved reference 'name'.
e: file:///home/taffeite/workspaces/gothicfire/src/jsMain/kotlin/App.kt:204:98 Unresolved reference 'CssColor'.
e: file:///home/taffeite/workspaces/gothicfire/src/jsMain/kotlin/App.kt:209:45 'val' cannot be reassigned.
e: file:///home/taffeite/workspaces/gothicfire/src/jsMain/kotlin/App.kt:210:51 Unresolved reference 'content'.
e: file:///home/taffeite/workspaces/gothicfire/src/jsMain/kotlin/Test2.kt:6:9 Unresolved reference 'textarea'.
e: file:///home/taffeite/workspaces/gothicfire/src/jsMain/kotlin/Test2.kt:8:9 Unresolved reference 'textarea'.
e: file:///home/taffeite/workspaces/gothicfire/src/jsMain/kotlin/Test2.kt:9:13 Unresolved reference 'value'.

FAILURE: Build failed with an exception.

* What went wrong:
Execution failed for task ':compileKotlinJs' (registered in build file 'build.gradle.kts').
> A failure occurred while executing org.jetbrains.kotlin.compilerRunner.GradleCompilerRunnerWithWorkers$GradleKotlinCompilerWorkAction
   > Compilation error. See log for more details

* Try:
> Run with --stacktrace option to get the stack trace.
> Run with --info or --debug option to get more log output.
> Run with --scan to get full insights from a Build Scan (powered by Develocity).
> Get more help at https://help.gradle.org.

BUILD FAILED in 906ms
2 actionable tasks: 2 executed
